---
from: Hadi Partovi (Code.org) <support@code.org>
subject: "¡Gracias por inscribirte para ser anfitrión de una Hora de Código!"
