<!DOCTYPE html PUBLIC "-//W3C//DTD HTML 4.0 Transitional//EN" "http://www.w3.org/TR/REC-html40/loose.dtd">
<html><body>
<h2>Thank you! Use this code to redeem your gift:</h2>

<ul>
<li>Gift Type: </li>
<li>Gift Code: ``</li>
</ul>

<h2>If you enjoyed the Hour of Code, consider going beyond</h2>

<p>Across all grade levels, find <a href="https://code.org/learn/beyond">student-guided learning options</a> and <a href="https://code.org/educate/3rdparty">educational/curriculum resources for teachers</a>. Our own Code Studio offers <a href="https://code.org/k5">courses for elementary grades</a>. Please, recruit more teachers to help expose the youngest students to computer science at an early age. </p>

<h2>Want to get more involved in your country?</h2>

<p><a href="https://docs.google.com/forms/d/1qYJFBjXRRiCchqtYunTUy7qyYwNHpUIZKAxh1T-bGL8/viewform">Join our international mailing list</a> to be updated by our international partners, and find out how you can promote computer science education near you.</p>

<p><br>
</p>
<hr>

<p>You’re receiving this email because you signed up to host an Hour of Code at <a href="https://hourofcode.com/">hourofcode.com</a>. We’ll send you only a few updates a year on new ways to learn or help. Don’t like these emails? <a href="">Unsubscribe</a>.</p>

<p><img src="" alt=""></p>
</body></html>
