<!DOCTYPE html PUBLIC "-//W3C//DTD HTML 4.0 Transitional//EN" "http://www.w3.org/TR/REC-html40/loose.dtd">
<html><body>
<h1>Thanks for signing up for a chance to win the $10,000 Hardware Prize</h1>

<p>Your whole school is now entered to win a class-set of laptops (or $10,000 for other technology). We'll be reviewing your application and announcing the winners in December.</p>

<h2>1. Spread the word</h2>

<p>Tell your friends about the #HourOfCode.</p>

<h2>2. Ask your whole school to offer an Hour of Code</h2>

<p><a href="http://test.hourofcode.com/resources#email">Send this email</a> to your principal.</p>

<h2>3. Ask your employer to get involved</h2>

<p><a href="http://test.hourofcode.com/resources#email">Send this email</a> to your manager, or the CEO.</p>

<h2>4. Promote the Hour of Code in your community</h2>

<p>Recruit a local group â€” boy/girl scouts club, church, university, veterans group or labor union. Or host an Hour of Code "block party" for your neighborhood. <a href="http://test.hourofcode.com/resources#email">Send this email</a>.</p>

<h2>5. Ask a local elected official to support the Hour of Code</h2>

<p><a href="http://test.hourofcode.com/resources#politicians">Send this email</a> to your mayor, city council, or school board and invite them to visit your school.</p>

<hr>

<p>Code.org is a 501c3 non-profit. Our address is 1301 5th Ave, Suite 1225, Seattle, WA, 98101. Don't like these emails? <a href="">Unsubscribe</a>.</p>
</body></html>
