---
from: Hadi Partovi (Code.org) <hadi_partovi@code.org>
subject: Thanks for signing up for a chance to win the $10,000 Hardware Prize
