---
from: Hadi Partovi (Code.org) <support@code.org>
subject: Get ready for the Hour of Code
