---
from: Code.org Testing <test@code.org>
subject: Testing out our emails
reply-to: 
cc: 
bcc: 
