---
from: Hadi Partovi (Code.org) <hadi_partovi@code.org>
subject: Thanks for signing up to host an Hour of Code!
