<!DOCTYPE html PUBLIC "-//W3C//DTD HTML 4.0 Transitional//EN" "http://www.w3.org/TR/REC-html40/loose.dtd">
<html><body>
<p>Thank you for submitting your information to help local teachers. Teachers will be using this <a href="https://code.org/volunteer/local">map of volunteers</a> to find and contact volunteers like you. You can review <a href="https://code.org/volunteer/guide">this guide</a> to get a better idea of what your volunteer experience will be like and to review tips for connecting with students.</p>

<p>If you need to update your information or want to unsubscribe from teacher requests, use this link:</p>

<p><a href="https://test.code.org/volunteer/engineer/edit/unique-secret-for-VolunteerEngineerSubmission2015/">https://test.code.org/volunteer/engineer/edit/unique-secret-for-VolunteerEngineerSubmission2015/</a></p>

<p>Thanks again for your support,</p>

<p>Alice Steinglass<br>
President, Code.org</p>

<hr>

<p>Code.org is a 501c3 non-profit. Our address is 1501 4th Avenue, Suite 900, Seattle, WA 98101. You can update your email preferences and edit your submitted information at any time.</p>

<ul>
<li><a href="http://test.code.org/volunteer/engineer/edit/unique-secret-for-VolunteerEngineerSubmission2015/">Edit my information</a></li>
<li><a href="http://test.code.org/volunteer/engineer/edit/unique-secret-for-VolunteerEngineerSubmission2015/">Unsubscribe from additional teacher requests <strong>this year</strong></a></li>
<li><a href="http://test.code.org/volunteer/engineer/edit/unique-secret-for-VolunteerEngineerSubmission2015/">Unsubscribe from teacher requests <strong>forever</strong></a></li>
<li><a href="">Unsubscribe from all Code.org emails</a></li>
</ul>

<p><img src="" alt=""></p>
</body></html>
