---
from: Code.org Volunteers <volunteers@code.org>
subject: Volunteer Submission Received
