<!DOCTYPE html PUBLIC "-//W3C//DTD HTML 4.0 Transitional//EN" "http://www.w3.org/TR/REC-html40/loose.dtd">
<html><body>
<h3>Yes! You pledged to go beyond an hour to expand computer science at your school.</h3>

<p>Thank you for joining the movement! We want to help you go further.</p>

<h3>Administrators</h3>

<p>If you’re a district or school administrator, see our <a href="https://test.code.org/administrators">Administrator Guide</a> for expanding access in your school or district.</p>

<h3>Teachers</h3>

<p>If you’re a teacher, view our curriculum and professional learning options for <a href="https://test-studio.code.org/courses?view=teacher">teaching computer science</a> to your students - no computer science experience necessary.</p>

<p>We also have <a href="https://test.code.org/promote">resources to help you advocate</a> for the need for computer science in your area.</p>

<p>Thank you for being a leader in pledging to expand offerings at your school. You will make real lasting change in students’ lives by giving them the opportunity to take these courses. </p>

<p>Please follow our progress on <a href="https://www.facebook.com/Code.org">Facebook</a> or on <a href="https://twitter.com/codeorg">Twitter</a> to stay in touch.</p>

<p>Thank you so much for your support,</p>

<p>Hadi Partovi<br>
Founder, Code.org<br></p>

<hr>

<p><small>
You're receiving this email because you pledged to expand computer science offerings at your school when you provided information to Code.org about your school on HourOfCode.com.  Code.org is a 501c3 non-profit. Our address is <a href="https://maps.google.com/?q=1501+4th+Avenue,+Suite+900,+Seattle,+WA+98101&amp;entry=gmail&amp;source=g">1501 4th Avenue, Suite 900, Seattle, WA 98101</a>. Don't want these emails? <a href="">Unsubscribe</a>.
</small></p>

<p><img src="" alt=""></p>
</body></html>
