<!DOCTYPE html PUBLIC "-//W3C//DTD HTML 4.0 Transitional//EN" "http://www.w3.org/TR/REC-html40/loose.dtd">
<html><body>
<h2>New Translation Volunteer</h2>

<ul>
<li>First Name: Name</li>
<li>Last Name: Fake </li>
<li>Email <a href="name.fake@fabricated.edu">name.fake@fabricated.edu</a>
</li>
<li>See database for languages</li>
</ul>

<p><img src="" alt=""></p>
</body></html>
