---
from: '"Pegasus (Code.org)" <pegasus@code.org>'
to: '"Tanya Parker" <translations@code.org>'
subject: New Translation Volunteer
