<!DOCTYPE html PUBLIC "-//W3C//DTD HTML 4.0 Transitional//EN" "http://www.w3.org/TR/REC-html40/loose.dtd">
<html><body>
<h1>Thanks for signing up to host an Hour of Code!</h1>

<p>You're making it possible for students all around the world to learn one Hour of Code that can change the rest of their lives, during Dec. 7-13. </p>

<p><em>Every</em> Hour of Code organizer worldwide will receive a gift card to Amazon, iTunes, or Windows Store as a thank-you gift while supplies last. <a href="https://test.hourofcode.com/prizes">And there are more awesome prizes</a>.</p>

<h4>We'll be in touch about new tutorials and other exciting updates. What can you do now?</h4>

<h2>1. Find a local volunteer to help you with your event.</h2>

<p><a href="https://code.org/volunteer/local">Search our volunteer map</a> for volunteers who can visit your classroom or video chat remotely to inspire your students about the breadth of possibilities with computer science.</p>

<h2>2. Spread the word</h2>

<p>We need your help to reach organizers worldwide. Tell your friends about the #HourOfCode. <a href="https://test.hourofcode.com/promote/resources">Use these helpful resources</a> to promote your event.</p>

<h2>3. Recruit your whole school for the Hour of Code</h2>

<p><a href="https://test.hourofcode.com/promote/resources#sample-emails">Send this email</a> to your principal or <a href="https://test.hourofcode.com/promote/resources">share these handouts</a>.</p>

<h2>4. Ask your employer to get involved</h2>

<p><a href="https://test.hourofcode.com/promote/resources#sample-emails">Send this email</a> to your manager, or the CEO.</p>

<h2>5. Promote the Hour of Code in your community</h2>

<p>Recruit a local group or even some friends. <a href="https://test.hourofcode.com/resources#sample-emails">Send this email</a>.</p>

<p>Thank you for leading the movement to give every student the chance to learn foundational computer science skills. </p>

<p>Hadi Partovi<br>
Founder, Code.org</p>

<hr>

<p><small>
You're receiving this email because you signed up for the Hour of Code, supported by more than 200 partners and organized by Code.org. Code.org is a 501c3 non-profit. Our address is 1301 5th Ave, Suite 1225, Seattle, WA, 98101. Don't want these emails? <a href="">Unsubscribe</a>.
</small></p>

<p><img src="" alt=""></p>
</body></html>
