---
from: Hadi Partovi (Code.org) <support@code.org>
subject: Thanks for signing up to host an Hour of Code!
