<!DOCTYPE html PUBLIC "-//W3C//DTD HTML 4.0 Transitional//EN" "http://www.w3.org/TR/REC-html40/loose.dtd">
<html><body>
<h1>¡Gracias por inscribirte para ser anfitrión de una Hora de Código!</h1>

<p>Usted está haciendo posible para que los estudiantes de todo el mundo aprendan una Hora de Código que puede cambiar el resto de sus vidas, durante los días del 7 al 13 de octubre. Estaremos en contacto sobre nuevos tutoriales y otras noticias interesantes. ¿Qué puede usted hacer ahora?</p>

<h2>1. Encuentre a un voluntario local para ayudarle con su evento.</h2>

<p><a href="https://test.code.org/volunteer/local">Buscar en nuestro mapa del voluntariado</a> para que los voluntarios puedan visitar tu aula o hagan un videochat remotamente para inspirar a tus estudiantes acerca de la amplitud de posibilidades con las Ciencias de la Computación.</p>

<h2>2. Corre la voz</h2>

<p>Necesitamos su ayuda para llegar a los organizadores en todo el mundo. ¡Habla a tus amigos de la #HoraDeCódigo! <a href="https://test.hourofcode.com/promote/resources">Use estos recursos útiles</a> para promocionar tu evento.</p>

<h2>3. Pídele a tu escuela que ofrezca una Hora de Código</h2>

<p><a href="https://test.hourofcode.com/promote/resources#sample-emails">Envíe este correo electrónico</a> o <a href="https://test.hourofcode.com/promote/resources">comparte estos folletos</a> a su director y desafíe a cada clase de su escuela para que se inscriba.</p>

<h2>4. Pídele a tu compañía que se involucre</h2>

<p><a href="https://test.hourofcode.com/promote/resources#sample-emails">Envia este correo electrónico</a> a tu gerente o director general.</p>

<h2>5. Promociona la Hora de Código en tu comunidad</h2>

<p>Recluta a un grupo local o incluso algunos amigos. <a href="https://test.hourofcode.com/promote/resources#sample-emails">Enviar este correo electrónico</a>.</p>

<p>Gracias por dirigir el movimiento para dar a cada estudiante la oportunidad de aprender habilidades informáticas fundacionales.</p>

<p>Hadi Partovi<br>
Fundador, Code.org</p>

<hr>

<p><small>
Estás recibiendo este correo electrónico porque usted se registro para la Hora de Código, apoyado por más de 200 socios y organizado por Code.org. Code.org es una 501c3 sin fines de lucro. Nuestra dirección es 1501 4th Avenue, Suite 900, Seattle, WA 98101. ¿No quieres estos correos? <a href="">Darse de baja</a>.
</small></p>

<p><img src="" alt=""></p>
</body></html>
