<!DOCTYPE html PUBLIC "-//W3C//DTD HTML 4.0 Transitional//EN" "http://www.w3.org/TR/REC-html40/loose.dtd">
<html><body>
<h1>Obrigado por se inscrever para organizar um evento da Hora do Código!</h1>

<p>Você está possibilitando que alunos de todo o mundo aprendam uma Hora do Código que pode mudar suas vidas, no período de 2 a 8 de outubro. Entraremos em contato para falar sobre novos tutoriais e outras atualizações. Então, o que você pode fazer agora?</p>

<h2>1. Encontre um voluntário para ajudá-lo no evento.</h2>

<p><a href="https://test.code.org/volunteer/local">Busque em nosso mapa de voluntários</a> voluntários que possam visitar sua sala de aula ou fazer um chat de vídeo remotamente para inspirar seus alunos, falando sobre a imensidão de possibilidades que a Ciência da Computação proporciona.</p>

<h2>2. Divulgue</h2>

<p>Precisamos da sua ajuda para alcançar organizadores do mundo todo. Fale para os seus amigos sobre a #HoraDoCodigo. <a href="https://test.hourofcode.com/promote/resources">Use estes recursos</a> para promover seu evento.</p>

<h2>3. Convide sua escola inteira para participar da Hora do Código</h2>

<p><a href="https://test.hourofcode.com/promote/resources#sample-emails">Envie este e-mail</a> para o diretor ou <a href="https://test.hourofcode.com/promote/resources">compartilhe estes materiais</a>.</p>

<h2>4. Peça para que sua empresa participe</h2>

<p><a href="https://test.hourofcode.com/promote/resources#sample-emails">Envie este e-mail</a> para seu gerente ou CEO.</p>

<h2>5. Promova a Hora do Código na sua comunidade</h2>

<p>Reúna um grupo da sua região ou mesmo alguns amigos. <a href="https://test.hourofcode.com/promote/resources#sample-emails">Envie este e-mail</a>.</p>

<p>Obrigado por participar deste movimento e por dar aos alunos a chance de aprender as habilidades básicas da Ciência da Computação.</p>

<p>Hadi Partovi<br>
Fundador da Code.org</p>

<hr>

<p><small>
Você está recebendo este e-mail porque você se cadastrou na Hora do Código, apoiada por mais de 200 parceiros e organizada pela Code.org. A Code.org é uma organização sem fins lucrativos. Nosso endereço é: 1501 4th Avenue, Suite 900, Seattle, WA 98101. Não quer receber esses e-mails? <a href="">Cancele sua assinatura</a>.
</small></p>

<p><img src="" alt=""></p>
</body></html>
