---
from: Hadi Partovi (Code.org) <hadi_partovi@code.org>
subject: Obrigado por se inscrever para sediar a Hora do CÃ³digo!
