<!DOCTYPE html PUBLIC "-//W3C//DTD HTML 4.0 Transitional//EN" "http://www.w3.org/TR/REC-html40/loose.dtd">
<html><body>
<h2>Student Nominated</h2>

<ul>
<li>Nominator: Fake Name <a href="name.fake@fabricated.edu">name.fake@fabricated.edu</a>
</li>
<li>Relationship: </li>
<li>Student:  <a href=""></a>
</li>
<li>Student Link: <a href=""></a>
</li>
<li>Grade: </li>
<li>School: </li>
<li>School Zip Code: .</li>
</ul>

<h3>Message</h3>

<pre></pre>

<p><img src="" alt=""></p>
</body></html>
