---
from: '"Pegasus (Code.org)" <pegasus@code.org>'
to: '"Marketing" <marketing@code.org>'
subject: Student Nominated
