---
from: Hadi Partovi (Code.org) <hadi_partovi@code.org>
subject: Get ready for the Hour of Code
