---
from: Hadi Partovi (Code.org) <hadi_partovi@code.org>
subject: Youâ€™re signed up for the Hour of Code!
