---
from: Hadi Partovi (Code.org) <hadi_partovi@code.org>
subject: Thanks!
