<!DOCTYPE html PUBLIC "-//W3C//DTD HTML 4.0 Transitional//EN" "http://www.w3.org/TR/REC-html40/loose.dtd">
<html><body>
<p>Thank you for submitting a school/activity. After review, it will appear on our site. If necessary, you can make changes by clicking here: <a href="http://test.code.org/schools/edit/unique-secret-for-ClassSubmission">http://test.code.org/schools/edit/unique-secret-for-ClassSubmission</a>.</p>

<p>Thanks again for your support,</p>

<p>Hadi Partovi,<br>
Founder, Code.org</p>

<hr>

<p>Code.org is a 501c3 non-profit. Our address is 1501 4th Avenue, Suite 900, Seattle, WA 98101. Don't like these emails? <a href="">Unsubscribe</a>.</p>

<p><img src="" alt=""></p>
</body></html>
