---
to: Fake Name <fake.name@gmail.com>
from: Code.org Volunteers <volunteers@code.org>
reply-to: Fake Name <name.fake@fabricated.edu>
subject: A teacher is requesting your help
