---
from: Hadi Partovi (Code.org) <hadi_partovi@code.org>
subject: Your local schoolâ€™s computer science program
