<!DOCTYPE html PUBLIC "-//W3C//DTD HTML 4.0 Transitional//EN" "http://www.w3.org/TR/REC-html40/loose.dtd">
<html><body>
<h2>Teacher Nominated</h2>

<ul>
<li>Nominator: Fake Name <a href="name.fake@fabricated.edu">name.fake@fabricated.edu</a>
</li>
<li>Relationship: Computer, Engineering, and Business teacher</li>
<li>Teacher: Fake Name Sr <a href="name.fake.sr@fabricated.edu">name.fake.sr@fabricated.edu</a>
</li>
<li>Teacher Subject: CS</li>
<li>Teacher Link: <a href=""></a>
</li>
<li>School: Fabricated Elementary</li>
<li>School Zip Code: 55555.</li>
</ul>

<h3>Message</h3>

<pre>This teacher is awesome and totally deserves to be nominated for a thing.</pre>

<p><img src="" alt=""></p>
</body></html>
