---
from: Hadi Partovi (Code.org) <noreply@code.org>
reply-to: noreply@code.org
subject: You're signed up for Hour of Code!
